---
source: src/ui/chat/screens.rs
expression: welcome_100
---
╭──────────────────────────────────────────────────────────────────────────────────────────────────╮
│ ✻ Welcome to Swamp                                                                               │
│                                                                                                  │
│   /help for commands, /status for the run tree                                                   │
│   cwd: /Users/me/projects/example/repo-one                                                       │
│   brain: anthropic/main · claude-opus-4-20250514 · tier high                                     │
│   workers: 4 accounts · 3 ready, 1 cooling · 12% of the tightest window used                     │
│   run: 9g5fav                                                                                    │
╰──────────────────────────────────────────────────────────────────────────────────────────────────╯
