---
source: src/ui/chat/screens.rs
assertion_line: 251
expression: "live(&mut app, 100)"
---
▌ /trace      the run tree with its events
  /tier       show or set the default dispatch tier
  /thinking   show or hide the brain's thinking
  /help       commands and keyboard shortcuts
  /status     the run tree, same output as swamp trace
  /accounts   the account pool, health and spend
  /usage      per-account tokens and quota windows
  /cost       tokens and spend for this run
  … +5 more
────────────────────────────────────────────────────────────────────────────────────────────────────
> /t
────────────────────────────────────────────────────────────────────────────────────────────────────
  tab completes · ↑↓ chooses · esc closes     ⏵⏵ dispatch mid           run 9g5fav · idle · ~$0.00
