---
source: src/ui/board/screens.rs
expression: text
---
────────────────────────────────────────────────────────────────────────────────────────────────────
9g5f09 → alt   score .41 = util .93×.50 + load .33×.30 + share .12×.15 − weight .00 − idle .02
               main ineligible (at 4/4)
               codex-main ineligible (cooldown until 23:20)
               gone excluded · not in accounts.json
────────────────────────────────────────────────────────────────────────────────────────────────────
↑↓ select · enter trace · tab run · a accounts · r raw · q quit                        9g5fav 9g5fbz
