---
source: tests/render_trace.rs
expression: text
---
run 9g5f00  3 dispatches

DISPATCH   SEQ      AGE  STATE    TASKS  WAIT  RUN   OK  FAIL  CANC  REJ      COST  CALLER
9g5f18       1   15m00s  settled      2     0    0    2     0     0    0    ~$0.85  brain
9g5f19       2   15m00s  open         2     1    0    0     0     0    1         -  brain
9g5f1a       -   15m00s  settled      1     0    0    1     0     0    0    ~$0.05  task 9g5f01
